Archive member included because of file (symbol)

c:/yotta/gcc/bin/../lib/gcc/arm-none-eabi/4.9.3/armv6-m\libgcc.a(_udivsi3.o)
                              ..\obj\spi.o (__aeabi_uidiv)
c:/yotta/gcc/bin/../lib/gcc/arm-none-eabi/4.9.3/armv6-m\libgcc.a(_dvmd_tls.o)
                              c:/yotta/gcc/bin/../lib/gcc/arm-none-eabi/4.9.3/armv6-m\libgcc.a(_udivsi3.o) (__aeabi_idiv0)
c:/yotta/gcc/bin/../lib/gcc/arm-none-eabi/4.9.3/../../../../arm-none-eabi/lib/armv6-m\libg.a(lib_a-memcpy.o)
                              ..\obj\spi.o (memcpy)
c:/yotta/gcc/bin/../lib/gcc/arm-none-eabi/4.9.3/../../../../arm-none-eabi/lib/armv6-m\libg.a(lib_a-memset.o)
                              ..\obj\usbd.o (memset)

Allocating common symbols
Common symbol       size              file

__stdin             0x68              ..\obj\retarget.o
g_usbd_sInfo        0x4               ..\obj\usbd.o
__stdout            0x68              ..\obj\retarget.o

Discarded input sections

 .text          0x00000000        0x0 ..\obj\startup_coide.o
 .data          0x00000000        0x0 ..\obj\startup_coide.o
 .bss           0x00000000        0x0 ..\obj\startup_coide.o
 .text          0x00000000        0x0 ..\obj\spi.o
 .data          0x00000000        0x0 ..\obj\spi.o
 .bss           0x00000000        0x0 ..\obj\spi.o
 .rodata        0x00000000        0x4 ..\obj\spi.o
 .text.CLK_GetPLLClockFreq
                0x00000000       0xb4 ..\obj\spi.o
 .text.SPI_Open
                0x00000000      0x238 ..\obj\spi.o
 .text.SPI_Close
                0x00000000       0x9c ..\obj\spi.o
 .text.SPI_ClearRxFIFO
                0x00000000       0x1c ..\obj\spi.o
 .text.SPI_ClearTxFIFO
                0x00000000       0x1c ..\obj\spi.o
 .text.SPI_DisableAutoSS
                0x00000000       0x1c ..\obj\spi.o
 .text.SPI_EnableAutoSS
                0x00000000       0x2c ..\obj\spi.o
 .text.SPI_SetBusClock
                0x00000000      0x1c0 ..\obj\spi.o
 .text.SPI_EnableFIFO
                0x00000000       0x3c ..\obj\spi.o
 .text.SPI_DisableFIFO
                0x00000000       0x20 ..\obj\spi.o
 .text.SPI_GetBusClock
                0x00000000       0xb8 ..\obj\spi.o
 .text.SPI_EnableInt
                0x00000000       0x90 ..\obj\spi.o
 .text.SPI_DisableInt
                0x00000000       0x9c ..\obj\spi.o
 .text.SPI_GetIntFlag
                0x00000000       0xbc ..\obj\spi.o
 .text.SPI_ClearIntFlag
                0x00000000       0x5c ..\obj\spi.o
 .text.SPI_GetStatus
                0x00000000       0xa4 ..\obj\spi.o
 .debug_info    0x00000000      0x827 ..\obj\spi.o
 .debug_abbrev  0x00000000      0x1bf ..\obj\spi.o
 .debug_aranges
                0x00000000       0x98 ..\obj\spi.o
 .debug_ranges  0x00000000       0x88 ..\obj\spi.o
 .debug_line    0x00000000      0x38a ..\obj\spi.o
 .debug_str     0x00000000      0x49b ..\obj\spi.o
 .comment       0x00000000       0x71 ..\obj\spi.o
 .debug_frame   0x00000000      0x210 ..\obj\spi.o
 .ARM.attributes
                0x00000000       0x31 ..\obj\spi.o
 .text          0x00000000        0x0 ..\obj\i2c.o
 .data          0x00000000        0x0 ..\obj\i2c.o
 .bss           0x00000000        0x0 ..\obj\i2c.o
 .text.I2C_Open
                0x00000000       0x68 ..\obj\i2c.o
 .text.I2C_Close
                0x00000000       0x44 ..\obj\i2c.o
 .text.I2C_ClearTimeoutFlag
                0x00000000       0x1c ..\obj\i2c.o
 .text.I2C_Trigger
                0x00000000       0x80 ..\obj\i2c.o
 .text.I2C_DisableInt
                0x00000000       0x1c ..\obj\i2c.o
 .text.I2C_EnableInt
                0x00000000       0x1c ..\obj\i2c.o
 .text.I2C_GetBusClockFreq
                0x00000000       0x30 ..\obj\i2c.o
 .text.I2C_SetBusClockFreq
                0x00000000       0x5c ..\obj\i2c.o
 .text.I2C_GetIntFlag
                0x00000000       0x20 ..\obj\i2c.o
 .text.I2C_GetStatus
                0x00000000       0x14 ..\obj\i2c.o
 .text.I2C_GetData
                0x00000000       0x18 ..\obj\i2c.o
 .text.I2C_SetData
                0x00000000       0x1c ..\obj\i2c.o
 .text.I2C_SetSlaveAddr
                0x00000000       0x88 ..\obj\i2c.o
 .text.I2C_SetSlaveAddrMask
                0x00000000       0x68 ..\obj\i2c.o
 .text.I2C_EnableTimeout
                0x00000000       0x44 ..\obj\i2c.o
 .text.I2C_DisableTimeout
                0x00000000       0x1c ..\obj\i2c.o
 .text.I2C_EnableWakeup
                0x00000000       0x1c ..\obj\i2c.o
 .text.I2C_DisableWakeup
                0x00000000       0x1c ..\obj\i2c.o
 .debug_info    0x00000000      0x6df ..\obj\i2c.o
 .debug_abbrev  0x00000000      0x16b ..\obj\i2c.o
 .debug_aranges
                0x00000000       0xa8 ..\obj\i2c.o
 .debug_ranges  0x00000000       0x98 ..\obj\i2c.o
 .debug_line    0x00000000      0x276 ..\obj\i2c.o
 .debug_str     0x00000000      0x47d ..\obj\i2c.o
 .comment       0x00000000       0x71 ..\obj\i2c.o
 .debug_frame   0x00000000      0x250 ..\obj\i2c.o
 .ARM.attributes
                0x00000000       0x31 ..\obj\i2c.o
 .text          0x00000000        0x0 ..\obj\ps2.o
 .data          0x00000000        0x0 ..\obj\ps2.o
 .bss           0x00000000        0x0 ..\obj\ps2.o
 .text.PS2_EnableInt
                0x00000000       0x20 ..\obj\ps2.o
 .text.PS2_DisableInt
                0x00000000       0x20 ..\obj\ps2.o
 .text.PS2_Open
                0x00000000       0x68 ..\obj\ps2.o
 .text.PS2_Close
                0x00000000       0x18 ..\obj\ps2.o
 .text.PS2_Read
                0x00000000       0x14 ..\obj\ps2.o
 .text.PS2_Write
                0x00000000      0x15c ..\obj\ps2.o
 .debug_info    0x00000000      0x3eb ..\obj\ps2.o
 .debug_abbrev  0x00000000      0x14b ..\obj\ps2.o
 .debug_aranges
                0x00000000       0x48 ..\obj\ps2.o
 .debug_ranges  0x00000000       0x38 ..\obj\ps2.o
 .debug_line    0x00000000      0x1ac ..\obj\ps2.o
 .debug_str     0x00000000      0x36d ..\obj\ps2.o
 .comment       0x00000000       0x71 ..\obj\ps2.o
 .debug_frame   0x00000000       0xc4 ..\obj\ps2.o
 .ARM.attributes
                0x00000000       0x31 ..\obj\ps2.o
 .text          0x00000000        0x0 ..\obj\timer.o
 .data          0x00000000        0x0 ..\obj\timer.o
 .bss           0x00000000        0x0 ..\obj\timer.o
 .text.TIMER_Open
                0x00000000       0xac ..\obj\timer.o
 .text.TIMER_Close
                0x00000000       0x1c ..\obj\timer.o
 .text.TIMER_Delay
                0x00000000      0x168 ..\obj\timer.o
 .text.TIMER_EnableCapture
                0x00000000       0x2c ..\obj\timer.o
 .text.TIMER_DisableCapture
                0x00000000       0x1c ..\obj\timer.o
 .text.TIMER_EnableEventCounter
                0x00000000       0x30 ..\obj\timer.o
 .text.TIMER_DisableEventCounter
                0x00000000       0x20 ..\obj\timer.o
 .rodata        0x00000000       0x20 ..\obj\timer.o
 .text.TIMER_GetModuleClock
                0x00000000       0xa8 ..\obj\timer.o
 .debug_info    0x00000000      0x407 ..\obj\timer.o
 .debug_abbrev  0x00000000      0x16d ..\obj\timer.o
 .debug_aranges
                0x00000000       0x58 ..\obj\timer.o
 .debug_ranges  0x00000000       0x48 ..\obj\timer.o
 .debug_line    0x00000000      0x241 ..\obj\timer.o
 .debug_str     0x00000000      0x303 ..\obj\timer.o
 .comment       0x00000000       0x71 ..\obj\timer.o
 .debug_frame   0x00000000      0x110 ..\obj\timer.o
 .ARM.attributes
                0x00000000       0x31 ..\obj\timer.o
 .text          0x00000000        0x0 ..\obj\pwm.o
 .data          0x00000000        0x0 ..\obj\pwm.o
 .bss           0x00000000        0x0 ..\obj\pwm.o
 .rodata        0x00000000       0x64 ..\obj\pwm.o
 .text.PWM_ConfigCaptureChannel
                0x00000000      0x25c ..\obj\pwm.o
 .text.PWM_ConfigOutputChannel
                0x00000000      0x298 ..\obj\pwm.o
 .text.PWM_Start
                0x00000000       0x54 ..\obj\pwm.o
 .text.PWM_Stop
                0x00000000       0x48 ..\obj\pwm.o
 .text.PWM_ForceStop
                0x00000000       0x54 ..\obj\pwm.o
 .text.PWM_EnableADCTrigger
                0x00000000       0x30 ..\obj\pwm.o
 .text.PWM_DisableADCTrigger
                0x00000000       0x28 ..\obj\pwm.o
 .text.PWM_ClearADCTriggerFlag
                0x00000000       0x20 ..\obj\pwm.o
 .text.PWM_GetADCTriggerFlag
                0x00000000       0x28 ..\obj\pwm.o
 .text.PWM_EnableCapture
                0x00000000       0x78 ..\obj\pwm.o
 .text.PWM_DisableCapture
                0x00000000       0x80 ..\obj\pwm.o
 .text.PWM_EnableOutput
                0x00000000       0x1c ..\obj\pwm.o
 .text.PWM_DisableOutput
                0x00000000       0x20 ..\obj\pwm.o
 .text.PWM_EnablePDMA
                0x00000000       0x60 ..\obj\pwm.o
 .text.PWM_DisablePDMA
                0x00000000       0x4c ..\obj\pwm.o
 .text.PWM_EnableDeadZone
                0x00000000       0x50 ..\obj\pwm.o
 .text.PWM_DisableDeadZone
                0x00000000       0x2c ..\obj\pwm.o
 .text.PWM_EnableCaptureInt
                0x00000000       0x4c ..\obj\pwm.o
 .text.PWM_DisableCaptureInt
                0x00000000       0x50 ..\obj\pwm.o
 .text.PWM_ClearCaptureIntFlag
                0x00000000       0x7c ..\obj\pwm.o
 .text.PWM_GetCaptureIntFlag
                0x00000000       0x5c ..\obj\pwm.o
 .text.PWM_EnableDutyInt
                0x00000000       0x28 ..\obj\pwm.o
 .text.PWM_DisableDutyInt
                0x00000000       0x28 ..\obj\pwm.o
 .text.PWM_ClearDutyIntFlag
                0x00000000       0x1c ..\obj\pwm.o
 .text.PWM_GetDutyIntFlag
                0x00000000       0x28 ..\obj\pwm.o
 .text.PWM_EnablePeriodInt
                0x00000000       0x40 ..\obj\pwm.o
 .text.PWM_DisablePeriodInt
                0x00000000       0x24 ..\obj\pwm.o
 .text.PWM_ClearPeriodIntFlag
                0x00000000       0x1c ..\obj\pwm.o
 .text.PWM_GetPeriodIntFlag
                0x00000000       0x28 ..\obj\pwm.o
 .debug_info    0x00000000      0xc62 ..\obj\pwm.o
 .debug_abbrev  0x00000000      0x17c ..\obj\pwm.o
 .debug_aranges
                0x00000000      0x100 ..\obj\pwm.o
 .debug_ranges  0x00000000       0xf0 ..\obj\pwm.o
 .debug_line    0x00000000      0x411 ..\obj\pwm.o
 .debug_str     0x00000000      0x659 ..\obj\pwm.o
 .comment       0x00000000       0x71 ..\obj\pwm.o
 .debug_frame   0x00000000      0x3b0 ..\obj\pwm.o
 .ARM.attributes
                0x00000000       0x31 ..\obj\pwm.o
 .text          0x00000000        0x0 ..\obj\uart.o
 .data          0x00000000        0x0 ..\obj\uart.o
 .bss           0x00000000        0x0 ..\obj\uart.o
 .text.NVIC_EnableIRQ
                0x00000000       0x2c ..\obj\uart.o
 .text.NVIC_DisableIRQ
                0x00000000       0x30 ..\obj\uart.o
 .rodata        0x00000000       0x14 ..\obj\uart.o
 .text.CLK_GetPLLClockFreq
                0x00000000       0xb4 ..\obj\uart.o
 .text.UART_ClearIntFlag
                0x00000000       0x64 ..\obj\uart.o
 .text.UART_Close
                0x00000000       0x14 ..\obj\uart.o
 .text.UART_DisableFlowCtrl
                0x00000000       0x20 ..\obj\uart.o
 .text.UART_DisableInt
                0x00000000       0x38 ..\obj\uart.o
 .text.UART_EnableFlowCtrl
                0x00000000       0x38 ..\obj\uart.o
 .text.UART_EnableInt
                0x00000000       0x38 ..\obj\uart.o
 .text.UART_Open
                0x00000000      0x118 ..\obj\uart.o
 .text.UART_Read
                0x00000000       0x60 ..\obj\uart.o
 .text.UART_SetLine_Config
                0x00000000      0x110 ..\obj\uart.o
 .text.UART_SetTimeoutCnt
                0x00000000       0x30 ..\obj\uart.o
 .text.UART_SelectIrDAMode
                0x00000000       0xfc ..\obj\uart.o
 .text.UART_SelectRS485Mode
                0x00000000       0x3c ..\obj\uart.o
 .text.UART_Write
                0x00000000       0x60 ..\obj\uart.o
 .debug_info    0x00000000      0x8e2 ..\obj\uart.o
 .debug_abbrev  0x00000000      0x223 ..\obj\uart.o
 .debug_aranges
                0x00000000       0x98 ..\obj\uart.o
 .debug_ranges  0x00000000       0x88 ..\obj\uart.o
 .debug_line    0x00000000      0x33d ..\obj\uart.o
 .debug_str     0x00000000      0x60f ..\obj\uart.o
 .comment       0x00000000       0x71 ..\obj\uart.o
 .debug_frame   0x00000000      0x210 ..\obj\uart.o
 .ARM.attributes
                0x00000000       0x31 ..\obj\uart.o
 .text          0x00000000        0x0 ..\obj\sys.o
 .data          0x00000000        0x0 ..\obj\sys.o
 .bss           0x00000000        0x0 ..\obj\sys.o
 .text.SYS_ClearResetSrc
                0x00000000       0x20 ..\obj\sys.o
 .text.SYS_GetBODStatus
                0x00000000       0x1c ..\obj\sys.o
 .text.SYS_GetResetSrc
                0x00000000       0x10 ..\obj\sys.o
 .text.SYS_IsRegLocked
                0x00000000       0x20 ..\obj\sys.o
 .text.SYS_ReadPDID
                0x00000000       0x10 ..\obj\sys.o
 .text.SYS_ResetChip
                0x00000000       0x18 ..\obj\sys.o
 .text.SYS_ResetCPU
                0x00000000       0x18 ..\obj\sys.o
 .text.SYS_ResetModule
                0x00000000       0x60 ..\obj\sys.o
 .text.SYS_EnableBOD
                0x00000000       0x4c ..\obj\sys.o
 .text.SYS_DisableBOD
                0x00000000       0x18 ..\obj\sys.o
 .debug_info    0x00000000      0x34e ..\obj\sys.o
 .debug_abbrev  0x00000000       0xf9 ..\obj\sys.o
 .debug_aranges
                0x00000000       0x68 ..\obj\sys.o
 .debug_ranges  0x00000000       0x58 ..\obj\sys.o
 .debug_line    0x00000000      0x1c5 ..\obj\sys.o
 .debug_str     0x00000000      0x302 ..\obj\sys.o
 .comment       0x00000000       0x71 ..\obj\sys.o
 .debug_frame   0x00000000      0x134 ..\obj\sys.o
 .ARM.attributes
                0x00000000       0x31 ..\obj\sys.o
 .text          0x00000000        0x0 ..\obj\usb_description.o
 .bss           0x00000000        0x0 ..\obj\usb_description.o
 .text          0x00000000        0x0 ..\obj\main.o
 .data          0x00000000        0x0 ..\obj\main.o
 .bss           0x00000000        0x0 ..\obj\main.o
 .text.UART0_Init
                0x00000000       0x28 ..\obj\main.o
 .text          0x00000000        0x0 ..\obj\gpio.o
 .data          0x00000000        0x0 ..\obj\gpio.o
 .bss           0x00000000        0x0 ..\obj\gpio.o
 .text.GPIO_SetMode
                0x00000000       0x58 ..\obj\gpio.o
 .text.GPIO_EnableInt
                0x00000000       0x3c ..\obj\gpio.o
 .text.GPIO_DisableInt
                0x00000000       0x3c ..\obj\gpio.o
 .debug_info    0x00000000      0x1e9 ..\obj\gpio.o
 .debug_abbrev  0x00000000       0xcd ..\obj\gpio.o
 .debug_aranges
                0x00000000       0x30 ..\obj\gpio.o
 .debug_ranges  0x00000000       0x20 ..\obj\gpio.o
 .debug_line    0x00000000      0x154 ..\obj\gpio.o
 .debug_str     0x00000000      0x1d5 ..\obj\gpio.o
 .comment       0x00000000       0x71 ..\obj\gpio.o
 .debug_frame   0x00000000       0x70 ..\obj\gpio.o
 .ARM.attributes
                0x00000000       0x31 ..\obj\gpio.o
 .text          0x00000000        0x0 ..\obj\retarget.o
 .data          0x00000000        0x0 ..\obj\retarget.o
 .bss           0x00000000        0x0 ..\obj\retarget.o
 .text.SendChar_ToUART
                0x00000000       0x40 ..\obj\retarget.o
 .text.SendChar
                0x00000000       0x18 ..\obj\retarget.o
 .text.GetChar  0x00000000       0x24 ..\obj\retarget.o
 .text.kbhit    0x00000000       0x20 ..\obj\retarget.o
 .text.IsDebugFifoEmpty
                0x00000000       0x20 ..\obj\retarget.o
 .text._ttywrch
                0x00000000       0x18 ..\obj\retarget.o
 .text.fputc    0x00000000       0x1c ..\obj\retarget.o
 .text.fgetc    0x00000000       0x18 ..\obj\retarget.o
 .debug_info    0x00000000      0xac9 ..\obj\retarget.o
 .debug_abbrev  0x00000000      0x293 ..\obj\retarget.o
 .debug_aranges
                0x00000000       0x58 ..\obj\retarget.o
 .debug_ranges  0x00000000       0x48 ..\obj\retarget.o
 .debug_line    0x00000000      0x24d ..\obj\retarget.o
 .debug_str     0x00000000      0x5eb ..\obj\retarget.o
 .comment       0x00000000       0x71 ..\obj\retarget.o
 .debug_frame   0x00000000      0x104 ..\obj\retarget.o
 .ARM.attributes
                0x00000000       0x31 ..\obj\retarget.o
 COMMON         0x00000000       0xd0 ..\obj\retarget.o
 .text          0x00000000        0x0 ..\obj\wwdt.o
 .data          0x00000000        0x0 ..\obj\wwdt.o
 .bss           0x00000000        0x0 ..\obj\wwdt.o
 .text.WWDT_Open
                0x00000000       0x38 ..\obj\wwdt.o
 .debug_info    0x00000000      0x124 ..\obj\wwdt.o
 .debug_abbrev  0x00000000       0xa6 ..\obj\wwdt.o
 .debug_aranges
                0x00000000       0x20 ..\obj\wwdt.o
 .debug_ranges  0x00000000       0x10 ..\obj\wwdt.o
 .debug_line    0x00000000      0x133 ..\obj\wwdt.o
 .debug_str     0x00000000      0x1af ..\obj\wwdt.o
 .comment       0x00000000       0x71 ..\obj\wwdt.o
 .debug_frame   0x00000000       0x30 ..\obj\wwdt.o
 .ARM.attributes
                0x00000000       0x31 ..\obj\wwdt.o
 .text          0x00000000        0x0 ..\obj\crc.o
 .data          0x00000000        0x0 ..\obj\crc.o
 .bss           0x00000000        0x0 ..\obj\crc.o
 .text.CRC_Open
                0x00000000       0x50 ..\obj\crc.o
 .text.CRC_StartDMATransfer
                0x00000000       0x30 ..\obj\crc.o
 .text.CRC_GetChecksum
                0x00000000       0x60 ..\obj\crc.o
 .debug_info    0x00000000      0x26c ..\obj\crc.o
 .debug_abbrev  0x00000000       0xe1 ..\obj\crc.o
 .debug_aranges
                0x00000000       0x30 ..\obj\crc.o
 .debug_ranges  0x00000000       0x20 ..\obj\crc.o
 .debug_line    0x00000000      0x14d ..\obj\crc.o
 .debug_str     0x00000000      0x264 ..\obj\crc.o
 .comment       0x00000000       0x71 ..\obj\crc.o
 .debug_frame   0x00000000       0x6c ..\obj\crc.o
 .ARM.attributes
                0x00000000       0x31 ..\obj\crc.o
 .text          0x00000000        0x0 ..\obj\clk.o
 .data          0x00000000        0x0 ..\obj\clk.o
 .bss           0x00000000        0x0 ..\obj\clk.o
 .text.CLK_DisableCKO
                0x00000000       0x14 ..\obj\clk.o
 .text.CLK_PowerDown
                0x00000000       0x2c ..\obj\clk.o
 .text.CLK_Idle
                0x00000000       0x2c ..\obj\clk.o
 .text.CLK_GetHXTFreq
                0x00000000       0x24 ..\obj\clk.o
 .text.CLK_GetHCLKFreq
                0x00000000       0x18 ..\obj\clk.o
 .text.CLK_GetPCLKFreq
                0x00000000       0x2c ..\obj\clk.o
 .text.CLK_GetCPUFreq
                0x00000000       0x18 ..\obj\clk.o
 .text.CLK_SetSysTickClockSrc
                0x00000000       0x24 ..\obj\clk.o
 .text.CLK_DisableXtalRC
                0x00000000       0x20 ..\obj\clk.o
 .text.CLK_DisableModuleClock
                0x00000000       0x40 ..\obj\clk.o
 .text.CLK_DisablePLL
                0x00000000       0x1c ..\obj\clk.o
 .text          0x00000000        0x0 ..\obj\pdma.o
 .data          0x00000000        0x0 ..\obj\pdma.o
 .bss           0x00000000        0x0 ..\obj\pdma.o
 .text.PDMA_Open
                0x00000000       0x20 ..\obj\pdma.o
 .text.PDMA_Close
                0x00000000       0x14 ..\obj\pdma.o
 .text.PDMA_SetTransferCnt
                0x00000000       0x68 ..\obj\pdma.o
 .text.PDMA_SetTransferAddr
                0x00000000       0x48 ..\obj\pdma.o
 .text.PDMA_SetTransferMode
                0x00000000      0x298 ..\obj\pdma.o
 .rodata        0x00000000       0x44 ..\obj\pdma.o
 .text.PDMA_Trigger
                0x00000000       0x30 ..\obj\pdma.o
 .text.PDMA_EnableInt
                0x00000000       0x2c ..\obj\pdma.o
 .text.PDMA_DisableInt
                0x00000000       0x30 ..\obj\pdma.o
 .debug_info    0x00000000      0x3d4 ..\obj\pdma.o
 .debug_abbrev  0x00000000      0x12f ..\obj\pdma.o
 .debug_aranges
                0x00000000       0x58 ..\obj\pdma.o
 .debug_ranges  0x00000000       0x48 ..\obj\pdma.o
 .debug_line    0x00000000      0x1eb ..\obj\pdma.o
 .debug_str     0x00000000      0x2b7 ..\obj\pdma.o
 .comment       0x00000000       0x71 ..\obj\pdma.o
 .debug_frame   0x00000000      0x10c ..\obj\pdma.o
 .ARM.attributes
                0x00000000       0x31 ..\obj\pdma.o
 .text          0x00000000        0x0 ..\obj\adc.o
 .data          0x00000000        0x0 ..\obj\adc.o
 .bss           0x00000000        0x0 ..\obj\adc.o
 .text.ADC_Open
                0x00000000       0x38 ..\obj\adc.o
 .text.ADC_Close
                0x00000000       0x1c ..\obj\adc.o
 .text.ADC_EnableHWTrigger
                0x00000000       0x38 ..\obj\adc.o
 .text.ADC_DisableHWTrigger
                0x00000000       0x24 ..\obj\adc.o
 .text.ADC_EnableInt
                0x00000000       0x4c ..\obj\adc.o
 .text.ADC_DisableInt
                0x00000000       0x54 ..\obj\adc.o
 .debug_info    0x00000000      0x290 ..\obj\adc.o
 .debug_abbrev  0x00000000       0xdf ..\obj\adc.o
 .debug_aranges
                0x00000000       0x48 ..\obj\adc.o
 .debug_ranges  0x00000000       0x38 ..\obj\adc.o
 .debug_line    0x00000000      0x184 ..\obj\adc.o
 .debug_str     0x00000000      0x222 ..\obj\adc.o
 .comment       0x00000000       0x71 ..\obj\adc.o
 .debug_frame   0x00000000       0xd0 ..\obj\adc.o
 .ARM.attributes
                0x00000000       0x31 ..\obj\adc.o
 .text          0x00000000        0x0 ..\obj\i2s.o
 .data          0x00000000        0x0 ..\obj\i2s.o
 .bss           0x00000000        0x0 ..\obj\i2s.o
 .rodata        0x00000000        0x4 ..\obj\i2s.o
 .text.CLK_GetPLLClockFreq
                0x00000000       0xb4 ..\obj\i2s.o
 .text.I2S_GetSourceClockFreq
                0x00000000       0x64 ..\obj\i2s.o
 .text.I2S_Open
                0x00000000       0xd0 ..\obj\i2s.o
 .text.I2S_Close
                0x00000000       0x1c ..\obj\i2s.o
 .text.I2S_EnableInt
                0x00000000       0x1c ..\obj\i2s.o
 .text.I2S_DisableInt
                0x00000000       0x20 ..\obj\i2s.o
 .text.I2S_EnableMCLK
                0x00000000       0x7c ..\obj\i2s.o
 .text.I2S_DisableMCLK
                0x00000000       0x20 ..\obj\i2s.o
 .debug_info    0x00000000      0x5fa ..\obj\i2s.o
 .debug_abbrev  0x00000000      0x16b ..\obj\i2s.o
 .debug_aranges
                0x00000000       0x58 ..\obj\i2s.o
 .debug_ranges  0x00000000       0x48 ..\obj\i2s.o
 .debug_line    0x00000000      0x210 ..\obj\i2s.o
 .debug_str     0x00000000      0x443 ..\obj\i2s.o
 .comment       0x00000000       0x71 ..\obj\i2s.o
 .debug_frame   0x00000000      0x110 ..\obj\i2s.o
 .ARM.attributes
                0x00000000       0x31 ..\obj\i2s.o
 .text          0x00000000        0x0 ..\obj\system_NUC123.o
 .bss           0x00000000        0x0 ..\obj\system_NUC123.o
 .text.SystemInit
                0x00000000        0x8 ..\obj\system_NUC123.o
 .text          0x00000000        0x0 ..\obj\wdt.o
 .data          0x00000000        0x0 ..\obj\wdt.o
 .bss           0x00000000        0x0 ..\obj\wdt.o
 .text.WDT_Open
                0x00000000       0x38 ..\obj\wdt.o
 .debug_info    0x00000000      0x113 ..\obj\wdt.o
 .debug_abbrev  0x00000000       0x9f ..\obj\wdt.o
 .debug_aranges
                0x00000000       0x20 ..\obj\wdt.o
 .debug_ranges  0x00000000       0x10 ..\obj\wdt.o
 .debug_line    0x00000000      0x126 ..\obj\wdt.o
 .debug_str     0x00000000      0x1b6 ..\obj\wdt.o
 .comment       0x00000000       0x71 ..\obj\wdt.o
 .debug_frame   0x00000000       0x30 ..\obj\wdt.o
 .ARM.attributes
                0x00000000       0x31 ..\obj\wdt.o
 .text          0x00000000        0x0 ..\obj\usbd.o
 .text.USBD_SetVendorRequest
                0x00000000       0x18 ..\obj\usbd.o
 .text          0x00000000        0x0 ..\obj\usb_device.o
 .bss           0x00000000        0x0 ..\obj\usb_device.o
 .text          0x00000000        0x0 ..\obj\fmc.o
 .data          0x00000000        0x0 ..\obj\fmc.o
 .bss           0x00000000        0x0 ..\obj\fmc.o
 .text.FMC_Write
                0x00000000       0x3c ..\obj\fmc.o
 .text.FMC_Read
                0x00000000       0x38 ..\obj\fmc.o
 .text.FMC_SetBootSource
                0x00000000       0x34 ..\obj\fmc.o
 .text.FMC_Close
                0x00000000       0x18 ..\obj\fmc.o
 .text.FMC_DisableAPUpdate
                0x00000000       0x18 ..\obj\fmc.o
 .text.FMC_DisableConfigUpdate
                0x00000000       0x18 ..\obj\fmc.o
 .text.FMC_DisableLDUpdate
                0x00000000       0x18 ..\obj\fmc.o
 .text.FMC_EnableAPUpdate
                0x00000000       0x18 ..\obj\fmc.o
 .text.FMC_EnableConfigUpdate
                0x00000000       0x18 ..\obj\fmc.o
 .text.FMC_EnableLDUpdate
                0x00000000       0x18 ..\obj\fmc.o
 .text.FMC_GetBootSource
                0x00000000       0x20 ..\obj\fmc.o
 .text.FMC_Open
                0x00000000       0x18 ..\obj\fmc.o
 .text.FMC_ReadDataFlashBaseAddr
                0x00000000       0x14 ..\obj\fmc.o
 .text.FMC_ReadConfig
                0x00000000       0x48 ..\obj\fmc.o
 .text.FMC_WriteConfig
                0x00000000       0x6c ..\obj\fmc.o
 .debug_info    0x00000000      0x348 ..\obj\fmc.o
 .debug_abbrev  0x00000000      0x1b9 ..\obj\fmc.o
 .debug_aranges
                0x00000000       0x90 ..\obj\fmc.o
 .debug_ranges  0x00000000       0x80 ..\obj\fmc.o
 .debug_line    0x00000000      0x2f8 ..\obj\fmc.o
 .debug_str     0x00000000      0x321 ..\obj\fmc.o
 .comment       0x00000000       0x71 ..\obj\fmc.o
 .debug_frame   0x00000000      0x1c8 ..\obj\fmc.o
 .ARM.attributes
                0x00000000       0x31 ..\obj\fmc.o
 .data          0x00000000        0x0 c:/yotta/gcc/bin/../lib/gcc/arm-none-eabi/4.9.3/armv6-m\libgcc.a(_udivsi3.o)
 .bss           0x00000000        0x0 c:/yotta/gcc/bin/../lib/gcc/arm-none-eabi/4.9.3/armv6-m\libgcc.a(_udivsi3.o)
 .data          0x00000000        0x0 c:/yotta/gcc/bin/../lib/gcc/arm-none-eabi/4.9.3/armv6-m\libgcc.a(_dvmd_tls.o)
 .bss           0x00000000        0x0 c:/yotta/gcc/bin/../lib/gcc/arm-none-eabi/4.9.3/armv6-m\libgcc.a(_dvmd_tls.o)
 .text          0x00000000        0x0 c:/yotta/gcc/bin/../lib/gcc/arm-none-eabi/4.9.3/../../../../arm-none-eabi/lib/armv6-m\libg.a(lib_a-memcpy.o)
 .data          0x00000000        0x0 c:/yotta/gcc/bin/../lib/gcc/arm-none-eabi/4.9.3/../../../../arm-none-eabi/lib/armv6-m\libg.a(lib_a-memcpy.o)
 .bss           0x00000000        0x0 c:/yotta/gcc/bin/../lib/gcc/arm-none-eabi/4.9.3/../../../../arm-none-eabi/lib/armv6-m\libg.a(lib_a-memcpy.o)
 .text          0x00000000        0x0 c:/yotta/gcc/bin/../lib/gcc/arm-none-eabi/4.9.3/../../../../arm-none-eabi/lib/armv6-m\libg.a(lib_a-memset.o)
 .data          0x00000000        0x0 c:/yotta/gcc/bin/../lib/gcc/arm-none-eabi/4.9.3/../../../../arm-none-eabi/lib/armv6-m\libg.a(lib_a-memset.o)
 .bss           0x00000000        0x0 c:/yotta/gcc/bin/../lib/gcc/arm-none-eabi/4.9.3/../../../../arm-none-eabi/lib/armv6-m\libg.a(lib_a-memset.o)

Memory Configuration

Name             Origin             Length             Attributes
rom              0x00000000         0x00010000         xr
ram              0x20000000         0x00005000         xrw
*default*        0x00000000         0xffffffff

Linker script and memory map

                0x20005000                _eram = 0x20005000

.text           0x00000000     0x19b8
 *(.isr_vector)
 .isr_vector    0x00000000       0xc0 ..\obj\startup_coide.o
                0x00000000                g_pfnVectors
 *(.text*)
 .text.Default_ResetHandler
                0x000000c0       0x60 ..\obj\startup_coide.o
                0x000000c0                ResetHandler
                0x000000c0                Default_ResetHandler
 .text.DefaultIntHandler
                0x00000120        0x8 ..\obj\startup_coide.o
                0x00000120                SPI2IntHandler
                0x00000120                PS2IntHandler
                0x00000120                WDTIntHandler
                0x00000120                UART02IntHandler
                0x00000120                I2C1IntHandler
                0x00000120                I2SIntHandler
                0x00000120                EINT1IntHandler
                0x00000120                ACMPIntHandler
                0x00000120                BODIntHandler
                0x00000120                TIMER0IntHandler
                0x00000120                TIMER1IntHandler
                0x00000120                PWMAIntHandler
                0x00000120                PWMBIntHandler
                0x00000120                RTCIntHandler
                0x00000120                SPI1IntHandler
                0x00000120                PDMAIntHandler
                0x00000120                HardFaultIntHandler
                0x00000120                PendSVIntHandler
                0x00000120                GPABIntHandler
                0x00000120                SysTickIntHandler
                0x00000120                BusFaultIntHandler
                0x00000120                NMIIntHandler
                0x00000120                EINT0IntHandler
                0x00000120                ADCIntHandler
                0x00000120                SPI3IntHandler
                0x00000120                CAN0IntHandler
                0x00000120                I2C0IntHandler
                0x00000120                TIMER2IntHandler
                0x00000120                UsageFaultIntHandler
                0x00000120                TIMER3IntHandler
                0x00000120                GPCDEIntHandler
                0x00000120                MemManageIntHandler
                0x00000120                UART1IntHandler
                0x00000120                SVCIntHandler
                0x00000120                SPI0IntHandler
                0x00000120                DebugMonIntHandler
                0x00000120                PWRWUIntHandler
 .text.NVIC_EnableIRQ
                0x00000128       0x2c ..\obj\main.o
 .text.SYS_LockReg
                0x00000154       0x14 ..\obj\main.o
 .text.SYS_UnlockReg
                0x00000168       0x3c ..\obj\main.o
 .text.SYS_Init
                0x000001a4       0xa8 ..\obj\main.o
                0x000001a4                SYS_Init
 .text.main     0x0000024c       0x38 ..\obj\main.o
                0x0000024c                main
 .text.CLK_GetPLLClockFreq
                0x00000284       0xb4 ..\obj\clk.o
 .text.CLK_EnableCKO
                0x00000338       0x3c ..\obj\clk.o
                0x00000338                CLK_EnableCKO
 .text.CLK_SetCoreClock
                0x00000374       0xa4 ..\obj\clk.o
                0x00000374                CLK_SetCoreClock
 .text.CLK_SetHCLK
                0x00000418       0x60 ..\obj\clk.o
                0x00000418                CLK_SetHCLK
 .text.CLK_SetModuleClock
                0x00000478      0x10c ..\obj\clk.o
                0x00000478                CLK_SetModuleClock
 .text.CLK_EnableXtalRC
                0x00000584       0x20 ..\obj\clk.o
                0x00000584                CLK_EnableXtalRC
 .text.CLK_EnableModuleClock
                0x000005a4       0x3c ..\obj\clk.o
                0x000005a4                CLK_EnableModuleClock
 .text.CLK_EnablePLL
                0x000005e0      0x1c4 ..\obj\clk.o
                0x000005e0                CLK_EnablePLL
 .text.CLK_WaitClockReady
                0x000007a4       0x3c ..\obj\clk.o
                0x000007a4                CLK_WaitClockReady
 .text.CLK_GetPLLClockFreq
                0x000007e0       0xb4 ..\obj\system_NUC123.o
 .text.SystemCoreClockUpdate
                0x00000894       0x9c ..\obj\system_NUC123.o
                0x00000894                SystemCoreClockUpdate
 .text.USBD_MemCopy
                0x00000930       0x30 ..\obj\usbd.o
 .text.USBD_SetStall
                0x00000960       0x6c ..\obj\usbd.o
 .text.USBD_ClearStall
                0x000009cc       0x6c ..\obj\usbd.o
 .text.USBD_GetStall
                0x00000a38       0x64 ..\obj\usbd.o
 .text.CLK_SysTickDelay
                0x00000a9c       0x3c ..\obj\usbd.o
 .text.USBD_Open
                0x00000ad8       0x60 ..\obj\usbd.o
                0x00000ad8                USBD_Open
 .text.USBD_Start
                0x00000b38       0x40 ..\obj\usbd.o
                0x00000b38                USBD_Start
 .text.USBD_GetSetupPacket
                0x00000b78       0x20 ..\obj\usbd.o
                0x00000b78                USBD_GetSetupPacket
 .text.USBD_ProcessSetupPacket
                0x00000b98       0x74 ..\obj\usbd.o
                0x00000b98                USBD_ProcessSetupPacket
 .text.USBD_GetDescriptor
                0x00000c0c      0x1a4 ..\obj\usbd.o
                0x00000c0c                USBD_GetDescriptor
 .text.USBD_StandardRequest
                0x00000db0      0x2d4 ..\obj\usbd.o
                0x00000db0                USBD_StandardRequest
 .text.USBD_PrepareCtrlIn
                0x00001084       0xb4 ..\obj\usbd.o
                0x00001084                USBD_PrepareCtrlIn
 .text.USBD_CtrlIn
                0x00001138       0xe4 ..\obj\usbd.o
                0x00001138                USBD_CtrlIn
 .text.USBD_PrepareCtrlOut
                0x0000121c       0x40 ..\obj\usbd.o
                0x0000121c                USBD_PrepareCtrlOut
 .text.USBD_CtrlOut
                0x0000125c       0x80 ..\obj\usbd.o
                0x0000125c                USBD_CtrlOut
 .text.USBD_SwReset
                0x000012dc       0x54 ..\obj\usbd.o
                0x000012dc                USBD_SwReset
 .text.USBD_MemCopy
                0x00001330       0x30 ..\obj\usb_device.o
 .text.USBD_SetStall
                0x00001360       0x6c ..\obj\usb_device.o
 .text.USBD_Init
                0x000013cc       0x84 ..\obj\usb_device.o
                0x000013cc                USBD_Init
 .text.USBDIntHandler
                0x00001450      0x180 ..\obj\usb_device.o
                0x00001450                USBDIntHandler
 .text.EP2_Handler
                0x000015d0        0x8 ..\obj\usb_device.o
                0x000015d0                EP2_Handler
 .text.EP3_Handler
                0x000015d8        0x8 ..\obj\usb_device.o
                0x000015d8                EP3_Handler
 .text.USB_ClassRequest
                0x000015e0       0xdc ..\obj\usb_device.o
                0x000015e0                USB_ClassRequest
 .text          0x000016bc      0x120 c:/yotta/gcc/bin/../lib/gcc/arm-none-eabi/4.9.3/armv6-m\libgcc.a(_udivsi3.o)
                0x000016bc                __aeabi_uidiv
                0x000016bc                __udivsi3
                0x000017c8                __aeabi_uidivmod
 .text          0x000017dc        0x4 c:/yotta/gcc/bin/../lib/gcc/arm-none-eabi/4.9.3/armv6-m\libgcc.a(_dvmd_tls.o)
                0x000017dc                __aeabi_idiv0
                0x000017dc                __aeabi_ldiv0
 .text.memcpy   0x000017e0       0x7c c:/yotta/gcc/bin/../lib/gcc/arm-none-eabi/4.9.3/../../../../arm-none-eabi/lib/armv6-m\libg.a(lib_a-memcpy.o)
                0x000017e0                memcpy
 .text.memset   0x0000185c       0x8c c:/yotta/gcc/bin/../lib/gcc/arm-none-eabi/4.9.3/../../../../arm-none-eabi/lib/armv6-m\libg.a(lib_a-memset.o)
                0x0000185c                memset
 *(.init)
 *(.fini)
 *crtbegin.o(.ctors)
 *crtbegin?.o(.ctors)
 *(EXCLUDE_FILE(*crtend.o *crtend?.o) .ctors)
 *(SORT(.ctors.*))
 *(.ctors)
 *crtbegin.o(.dtors)
 *crtbegin?.o(.dtors)
 *(EXCLUDE_FILE(*crtend.o *crtend?.o) .dtors)
 *(SORT(.dtors.*))
 *(.dtors)
 *(.rodata*)
 .rodata        0x000018e8       0x10 ..\obj\clk.o
 .rodata        0x000018f8        0x4 ..\obj\system_NUC123.o
 .rodata        0x000018fc       0xbc ..\obj\usbd.o
 *(.eh_fram e*)

.glue_7         0x000019b8        0x0
 .glue_7        0x00000000        0x0 linker stubs

.glue_7t        0x000019b8        0x0
 .glue_7t       0x00000000        0x0 linker stubs

.vfp11_veneer   0x000019b8        0x0
 .vfp11_veneer  0x00000000        0x0 linker stubs

.v4_bx          0x000019b8        0x0
 .v4_bx         0x00000000        0x0 linker stubs

.iplt           0x000019b8        0x0
 .iplt          0x00000000        0x0 ..\obj\startup_coide.o

.rel.dyn        0x000019b8        0x0
 .rel.iplt      0x00000000        0x0 ..\obj\startup_coide.o

.ARM.extab
 *(.ARM.extab* .gnu.linkonce.armextab.*)
                0x000019b8                __exidx_start = .

.ARM.exidx
 *(.ARM.exidx* .gnu.linkonce.armexidx.*)
                0x000019b8                __exidx_end = .
                0x000019b8                __etext = .
                0x000019b8                _sidata = __etext

.data           0x20000000       0xdc load address 0x000019b8
                0x20000000                __data_start__ = .
                0x20000000                _sdata = __data_start__
 *(vtable)
 *(.data*)
 .data          0x20000000       0xa4 ..\obj\usb_description.o
                0x20000000                gu8DeviceDescriptor
                0x20000014                gu8ConfigDescriptor
                0x20000058                gu8StringLang
                0x2000005c                gu8VendorStringDesc
                0x2000006c                gu8ProductStringDesc
                0x2000008c                gsInfo
 .data          0x200000a4       0x2c ..\obj\system_NUC123.o
                0x200000a4                SystemCoreClock
                0x200000a8                CyclesPerUs
                0x200000ac                PllClock
                0x200000b0                gau32ClkSrcTbl
 .data          0x200000d0        0x4 ..\obj\usbd.o
 .data          0x200000d4        0x8 ..\obj\usb_device.o
                0x200000d4                gLineCoding
                0x200000dc                . = ALIGN (0x4)
                0x200000dc                PROVIDE (__preinit_array_start, .)
 *(.preinit_array)
                0x200000dc                PROVIDE (__preinit_array_end, .)
                0x200000dc                . = ALIGN (0x4)
                0x200000dc                PROVIDE (__init_array_start, .)
 *(SORT(.init_array.*))
 *(.init_array)
                0x200000dc                PROVIDE (__init_array_end, .)
                0x200000dc                . = ALIGN (0x4)
                0x200000dc                PROVIDE (__fini_array_start, .)
 *(SORT(.fini_array.*))
 *(.fini_array)
                0x200000dc                PROVIDE (__fini_array_end, .)
 *(.jcr*)
                0x200000dc                . = ALIGN (0x4)
                0x200000dc                __data_end__ = .
                0x200000dc                _edata = __data_end__

.igot.plt       0x200000dc        0x0 load address 0x00001a94
 .igot.plt      0x00000000        0x0 ..\obj\startup_coide.o

.bss            0x200000dc       0x3c load address 0x00001a94
                0x200000dc                . = ALIGN (0x4)
                0x200000dc                __bss_start__ = .
                0x200000dc                _sbss = __bss_start__
 *(.bss*)
 .bss           0x200000dc       0x38 ..\obj\usbd.o
                0x200000dc                g_usbd_SetupPacket
                0x200000e4                g_usbd_RemoteWakeupEn
                0x20000108                g_usbd_pfnVendorRequest
                0x2000010c                g_usbd_pfnClassRequest
                0x20000110                g_usbd_pfnSetInterface
 *(COMMON)
 COMMON         0x20000114        0x4 ..\obj\usbd.o
                0x20000114                g_usbd_sInfo
                0x20000118                . = ALIGN (0x4)
                0x20000118                __bss_end__ = .
                0x20000118                _ebss = __bss_end__

.heap           0x20000118        0x0
                0x20000118                __end__ = .
                0x20000118                _end = __end__
                0x20000118                end = __end__
 *(.heap*)
                0x20000118                __HeapLimit = .

.co_stack       0x20000118      0x400 load address 0x00001ad0
                0x20000118                . = ALIGN (0x8)
 *(.co_stack .co_stack.*)
 .co_stack      0x20000118      0x400 ..\obj\startup_coide.o
                0x20000118                pulStack
                0x20005000                __StackTop = (ORIGIN (ram) + 0x5000)
                0x20004c00                __StackLimit = (__StackTop - SIZEOF (.co_stack))
                0x20005000                PROVIDE (__stack, __StackTop)
                0x00000001                ASSERT ((__StackLimit >= __HeapLimit), region ram  overflowed with stack)
LOAD ..\obj\startup_coide.o
LOAD ..\obj\spi.o
LOAD ..\obj\i2c.o
LOAD ..\obj\ps2.o
LOAD ..\obj\timer.o
LOAD ..\obj\pwm.o
LOAD ..\obj\uart.o
LOAD ..\obj\sys.o
LOAD ..\obj\usb_description.o
LOAD ..\obj\main.o
LOAD ..\obj\gpio.o
LOAD ..\obj\retarget.o
LOAD ..\obj\wwdt.o
LOAD ..\obj\crc.o
LOAD ..\obj\clk.o
LOAD ..\obj\pdma.o
LOAD ..\obj\adc.o
LOAD ..\obj\i2s.o
LOAD ..\obj\system_NUC123.o
LOAD ..\obj\wdt.o
LOAD ..\obj\usbd.o
LOAD ..\obj\usb_device.o
LOAD ..\obj\fmc.o
START GROUP
LOAD c:/yotta/gcc/bin/../lib/gcc/arm-none-eabi/4.9.3/armv6-m\libgcc.a
LOAD c:/yotta/gcc/bin/../lib/gcc/arm-none-eabi/4.9.3/../../../../arm-none-eabi/lib/armv6-m\libg.a
LOAD c:/yotta/gcc/bin/../lib/gcc/arm-none-eabi/4.9.3/../../../../arm-none-eabi/lib/armv6-m\libc.a
END GROUP
OUTPUT(NUC123_USB.elf elf32-littlearm)

.debug_info     0x00000000     0x1d5c
 .debug_info    0x00000000       0xff ..\obj\startup_coide.o
 .debug_info    0x000000ff      0x1ba ..\obj\usb_description.o
 .debug_info    0x000002b9      0x689 ..\obj\main.o
 .debug_info    0x00000942      0x68e ..\obj\clk.o
 .debug_info    0x00000fd0      0x28b ..\obj\system_NUC123.o
 .debug_info    0x0000125b      0x753 ..\obj\usbd.o
 .debug_info    0x000019ae      0x3ae ..\obj\usb_device.o

.debug_abbrev   0x00000000      0x9f9
 .debug_abbrev  0x00000000       0xa7 ..\obj\startup_coide.o
 .debug_abbrev  0x000000a7       0x8c ..\obj\usb_description.o
 .debug_abbrev  0x00000133      0x1bd ..\obj\main.o
 .debug_abbrev  0x000002f0      0x216 ..\obj\clk.o
 .debug_abbrev  0x00000506       0xf2 ..\obj\system_NUC123.o
 .debug_abbrev  0x000005f8      0x256 ..\obj\usbd.o
 .debug_abbrev  0x0000084e      0x1ab ..\obj\usb_device.o

.debug_aranges  0x00000000      0x260
 .debug_aranges
                0x00000000       0x28 ..\obj\startup_coide.o
 .debug_aranges
                0x00000028       0x18 ..\obj\usb_description.o
 .debug_aranges
                0x00000040       0x48 ..\obj\main.o
 .debug_aranges
                0x00000088       0xb8 ..\obj\clk.o
 .debug_aranges
                0x00000140       0x30 ..\obj\system_NUC123.o
 .debug_aranges
                0x00000170       0xa0 ..\obj\usbd.o
 .debug_aranges
                0x00000210       0x50 ..\obj\usb_device.o

.debug_ranges   0x00000000      0x1e8
 .debug_ranges  0x00000000       0x18 ..\obj\startup_coide.o
 .debug_ranges  0x00000018       0x38 ..\obj\main.o
 .debug_ranges  0x00000050       0xa8 ..\obj\clk.o
 .debug_ranges  0x000000f8       0x20 ..\obj\system_NUC123.o
 .debug_ranges  0x00000118       0x90 ..\obj\usbd.o
 .debug_ranges  0x000001a8       0x40 ..\obj\usb_device.o

.debug_line     0x00000000      0xf64
 .debug_line    0x00000000       0x9c ..\obj\startup_coide.o
 .debug_line    0x0000009c      0x138 ..\obj\usb_description.o
 .debug_line    0x000001d4      0x20b ..\obj\main.o
 .debug_line    0x000003df      0x3f4 ..\obj\clk.o
 .debug_line    0x000007d3      0x161 ..\obj\system_NUC123.o
 .debug_line    0x00000934      0x3ec ..\obj\usbd.o
 .debug_line    0x00000d20      0x244 ..\obj\usb_device.o

.debug_str      0x00000000      0xdf0
 .debug_str     0x00000000      0x137 ..\obj\startup_coide.o
                                0x149 (size before relaxing)
 .debug_str     0x00000137      0x17f ..\obj\usb_description.o
                                0x249 (size before relaxing)
 .debug_str     0x000002b6      0x354 ..\obj\main.o
                                0x516 (size before relaxing)
 .debug_str     0x0000060a      0x321 ..\obj\clk.o
                                0x477 (size before relaxing)
 .debug_str     0x0000092b       0x87 ..\obj\system_NUC123.o
                                0x289 (size before relaxing)
 .debug_str     0x000009b2      0x370 ..\obj\usbd.o
                                0x561 (size before relaxing)
 .debug_str     0x00000d22       0xce ..\obj\usb_device.o
                                0x2ce (size before relaxing)

.comment        0x00000000       0x70
 .comment       0x00000000       0x70 ..\obj\startup_coide.o
                                 0x71 (size before relaxing)
 .comment       0x00000000       0x71 ..\obj\usb_description.o
 .comment       0x00000000       0x71 ..\obj\main.o
 .comment       0x00000000       0x71 ..\obj\clk.o
 .comment       0x00000000       0x71 ..\obj\system_NUC123.o
 .comment       0x00000000       0x71 ..\obj\usbd.o
 .comment       0x00000000       0x71 ..\obj\usb_device.o

.ARM.attributes
                0x00000000       0x31
 .ARM.attributes
                0x00000000       0x31 ..\obj\startup_coide.o
 .ARM.attributes
                0x00000031       0x31 ..\obj\usb_description.o
 .ARM.attributes
                0x00000062       0x31 ..\obj\main.o
 .ARM.attributes
                0x00000093       0x31 ..\obj\clk.o
 .ARM.attributes
                0x000000c4       0x31 ..\obj\system_NUC123.o
 .ARM.attributes
                0x000000f5       0x31 ..\obj\usbd.o
 .ARM.attributes
                0x00000126       0x31 ..\obj\usb_device.o
 .ARM.attributes
                0x00000157       0x1e c:/yotta/gcc/bin/../lib/gcc/arm-none-eabi/4.9.3/armv6-m\libgcc.a(_udivsi3.o)
 .ARM.attributes
                0x00000175       0x1e c:/yotta/gcc/bin/../lib/gcc/arm-none-eabi/4.9.3/armv6-m\libgcc.a(_dvmd_tls.o)
 .ARM.attributes
                0x00000193       0x2c c:/yotta/gcc/bin/../lib/gcc/arm-none-eabi/4.9.3/../../../../arm-none-eabi/lib/armv6-m\libg.a(lib_a-memcpy.o)
 .ARM.attributes
                0x000001bf       0x2c c:/yotta/gcc/bin/../lib/gcc/arm-none-eabi/4.9.3/../../../../arm-none-eabi/lib/armv6-m\libg.a(lib_a-memset.o)

.debug_frame    0x00000000      0x760
 .debug_frame   0x00000000       0x4c ..\obj\startup_coide.o
 .debug_frame   0x0000004c       0xbc ..\obj\main.o
 .debug_frame   0x00000108      0x270 ..\obj\clk.o
 .debug_frame   0x00000378       0x6c ..\obj\system_NUC123.o
 .debug_frame   0x000003e4      0x220 ..\obj\usbd.o
 .debug_frame   0x00000604       0xe4 ..\obj\usb_device.o
 .debug_frame   0x000006e8       0x20 c:/yotta/gcc/bin/../lib/gcc/arm-none-eabi/4.9.3/armv6-m\libgcc.a(_udivsi3.o)
 .debug_frame   0x00000708       0x2c c:/yotta/gcc/bin/../lib/gcc/arm-none-eabi/4.9.3/../../../../arm-none-eabi/lib/armv6-m\libg.a(lib_a-memcpy.o)
 .debug_frame   0x00000734       0x2c c:/yotta/gcc/bin/../lib/gcc/arm-none-eabi/4.9.3/../../../../arm-none-eabi/lib/armv6-m\libg.a(lib_a-memset.o)
